19:42:22   内存后端: PID=60808 gApp=0x01924758 Board=0x0F404DC8
19:42:24 === bot v6 engine=pro vision=mem still=250ms pid=60808 起始分=32500 ===
19:42:24   自动识别模式: 普通（左侧没有分值表 ⇒ 按普通逻辑跑）
19:42:24   ★ 检测到游戏结束（结算画面）
19:42:26   已点「再来一次」，新局已开始
19:42:28   #1   (4, 2)<->(4, 3) 预测=150   实际=250    ✓ [0.85步/秒]
19:42:28   #2   (5, 2)<->(6, 2) 预测=150   实际=250    ✓ [0.96步/秒]
19:42:29   #3   (6, 5)<->(7, 5) 预测=50    实际=450    ✓ [1.00步/秒]
19:42:30   #4   (5, 1)<->(5, 2) 预测=50    实际=550    ✓ [1.02步/秒]
19:42:31   #5   (3, 1)<->(4, 1) 预测=100   实际=900    ✓ [1.09步/秒]
19:42:35   #6   (0, 4)<->(0, 5) 预测=150   实际=0      ✗拉黑 [0.68步/秒]
19:42:35   ⏱ 时间宝石 1 个: (0,3)+5
19:42:40   #7   (2, 6)<->(2, 7) 预测=50    实际=0      ✗拉黑 [0.53步/秒]
19:42:40   ⏱ 时间宝石 1 个: (0,3)+5
19:42:41   #8   (3, 5)<->(3, 6) 预测=50    实际=250    ✓ [0.55步/秒]
19:42:41   ⏱ 时间宝石 2 个: (0,3)+5, (2,5)+5
19:42:41   ★ 这一步直接拿时间宝石
19:42:41   #9   (2, 5)<->(2, 6) 预测=100   实际=500    ✓ [0.60步/秒]
19:42:41   ⏱ 时间宝石 2 个: (0,3)+5, (2,5)+5
19:42:41   ★ 这一步直接拿时间宝石
19:42:42   #10  (2, 5)<->(2, 6) 预测=100   实际=0      ✗拉黑 [0.64步/秒]
19:42:42   ⏱ 时间宝石 2 个: (0,3)+5, (2,5)+5
19:42:46   #11  (2, 6)<->(2, 7) 预测=50    实际=0      ✗拉黑 [0.55步/秒]
19:42:47   ⏱ 时间宝石 2 个: (0,3)+5, (2,5)+5
19:42:47   死局(1)等洗牌...
19:42:48   ⏱ 时间宝石 2 个: (0,3)+5, (2,5)+5
19:42:48   死局(2)等洗牌...
19:42:49   ⏱ 时间宝石 2 个: (0,3)+5, (2,5)+5
19:42:49   死局(3)等洗牌...
19:42:50   ⏱ 时间宝石 2 个: (0,3)+5, (2,5)+5
19:42:50   死局(4)等洗牌...
19:42:52   ⏱ 时间宝石 2 个: (0,3)+5, (2,5)+5
19:42:52   死局(5)等洗牌...
19:42:53   ⏱ 时间宝石 2 个: (0,3)+5, (2,5)+5
19:42:53   死局(6)等洗牌...
19:42:54   ⏱ 时间宝石 2 个: (0,3)+5, (2,5)+5
19:42:54   死局(7)等洗牌...
19:42:56   ⏱ 时间宝石 2 个: (0,3)+5, (2,5)+5
19:42:56   死局(8)等洗牌...
19:42:57   ⏱ 时间宝石 2 个: (0,3)+5, (2,5)+5
19:42:57   死局(9)等洗牌...
19:42:58   ⏱ 时间宝石 2 个: (0,3)+5, (2,5)+5
19:42:58   死局(10)等洗牌...
19:42:59   ⏱ 时间宝石 2 个: (0,3)+5, (2,5)+5
19:42:59   死局(11)等洗牌...
19:43:01   ⏱ 时间宝石 2 个: (0,3)+5, (2,5)+5
19:43:01   死局(12)等洗牌...
19:43:02   ⏱ 时间宝石 2 个: (0,3)+5, (2,5)+5
19:43:02   死局(13)等洗牌...
19:43:03   ⏱ 时间宝石 2 个: (0,3)+5, (2,5)+5
19:43:03   死局(14)等洗牌...
19:43:04   ⏱ 时间宝石 2 个: (0,3)+5, (2,5)+5
19:43:04   死局(15)等洗牌...
19:43:06   ⏱ 时间宝石 2 个: (0,3)+5, (2,5)+5
19:43:06   死局(16)等洗牌...
19:43:07   ⏱ 时间宝石 2 个: (0,3)+5, (2,5)+5
19:43:07   死局(17)等洗牌...
19:43:08   ⏱ 时间宝石 2 个: (0,3)+5, (2,5)+5
19:43:08   死局(18)等洗牌...
19:43:10   ⏱ 时间宝石 2 个: (0,3)+5, (2,5)+5
19:43:10   死局(19)等洗牌...
19:43:11   ⏱ 时间宝石 2 个: (0,3)+5, (2,5)+5
19:43:11   死局(20)等洗牌...
19:43:12   ⏱ 时间宝石 2 个: (0,3)+5, (2,5)+5
19:43:12   死局(21)等洗牌...
19:43:13   ⏱ 时间宝石 2 个: (0,3)+5, (2,5)+5
19:43:13   死局(22)等洗牌...
19:43:15   ⏱ 时间宝石 2 个: (0,3)+5, (2,5)+5
19:43:15   死局(23)等洗牌...
19:43:16   ⏱ 时间宝石 2 个: (0,3)+5, (2,5)+5
19:43:16   死局(24)等洗牌...
19:43:17   ⏱ 时间宝石 2 个: (0,3)+5, (2,5)+5
19:43:17   死局(25)等洗牌...
19:43:18   ⏱ 时间宝石 2 个: (0,3)+5, (2,5)+5
19:43:18   死局(26)等洗牌...
19:43:20   ⏱ 时间宝石 2 个: (0,3)+5, (2,5)+5
19:43:20   死局(27)等洗牌...
19:43:21   ⏱ 时间宝石 2 个: (0,3)+5, (2,5)+5
19:43:21   死局(28)等洗牌...
19:43:22   ⏱ 时间宝石 2 个: (0,3)+5, (2,5)+5
19:43:22   死局(29)等洗牌...
19:43:23   ⏱ 时间宝石 2 个: (0,3)+5, (2,5)+5
19:43:23   死局(30)等洗牌...
19:43:24 === 结束 ===
19:43:24   11 步 57.1s = 0.19 步/秒 (每步 5193ms)
19:43:24   有效 7/11 (64%)
19:43:24   分数 32500 → 3650
19:43:24   ── 每步构成 ──
19:43:24     拖动 182ms  等待 2295ms  识别 0ms
19:43:24   实际得分 总 3150, 平均 286.4/步, ★分/秒 55.1
19:43:24   已存 /home/deck/lg_test4.json
