19:51:31   内存后端: PID=60808 gApp=0x01924758 Board=0x0F404DC8
19:51:33 === bot v6 engine=pro vision=mem still=250ms pid=60808 起始分=7150 ===
19:51:33   自动识别模式: 普通（左侧没有分值表 ⇒ 按普通逻辑跑）
19:51:33   ★ 检测到游戏结束（结算画面）
19:51:35   已点「再来一次」，新局已开始
19:51:37   #1   (4, 5)<->(5, 5) 预测=150   实际=1000   ✓ [0.80步/秒]
19:51:37   #2   (1, 7)<->(2, 7) 预测=400   实际=1000   ✓ [0.98步/秒]
19:51:38   #3   (4, 1)<->(4, 2) 预测=150   实际=1500   ✓ [1.02步/秒]
19:51:39   #4   (4, 2)<->(4, 3) 预测=400   实际=500    ✓ [1.14步/秒]
19:51:39   #5   (4, 2)<->(4, 3) 预测=400   实际=0      ✗拉黑 [1.25步/秒]
19:51:40   #6   (5, 5)<->(5, 6) 预测=50    实际=450    ✓ [1.16步/秒]
19:51:40   ⏱ 时间宝石 1 个: (2,5)+5
19:51:41   #7   (4, 2)<->(4, 3) 预测=350   实际=800    ✓ [1.20步/秒]
19:51:41   ⏱ 时间宝石 1 个: (2,5)+5
19:51:42   #8   (1, 2)<->(2, 2) 预测=800   实际=650    ✓ [1.18步/秒]
19:51:42   ⏱ 时间宝石 1 个: (2,5)+5
19:51:43   #9   (5, 3)<->(6, 3) 预测=150   实际=750    ✓ [1.17步/秒]
19:51:43   ⏱ 时间宝石 2 个: (0,3)+5, (2,5)+5
19:51:44   #10  (2, 2)<->(2, 3) 预测=150   实际=0      ✗拉黑 [1.18步/秒]
19:51:44   ⏱ 时间宝石 2 个: (0,3)+5, (2,5)+5
19:51:48   #11  (2, 3)<->(3, 3) 预测=50    实际=0      ✗拉黑 [0.84步/秒]
19:51:49   ⏱ 时间宝石 2 个: (0,3)+5, (2,5)+5
19:51:49   #12  (4, 6)<->(5, 6) 预测=50    实际=1250   ✓ [0.86步/秒]
19:51:49   ⏱ 时间宝石 3 个: (0,3)+5, (0,5)+5, (5,5)+5
19:51:54   #13  (0, 4)<->(1, 4) 预测=100   实际=0      ✗拉黑 [0.71步/秒]
19:51:54   ⏱ 时间宝石 3 个: (0,3)+5, (0,5)+5, (5,5)+5
19:51:54   ★ 这一步直接拿时间宝石
19:51:55   #14  (5, 4)<->(5, 5) 预测=300   实际=1550   ✓ [0.72步/秒]
19:51:55   ⏱ 时间宝石 4 个: (0,3)+5, (2,7)+10, (3,5)+5, (7,4)+5
19:51:56   #15  (2, 2)<->(2, 3) 预测=200   实际=1500   ✓ [0.73步/秒]
19:51:56   ⏱ 时间宝石 3 个: (2,3)+5, (2,7)+10, (7,4)+5
19:51:56   ★ 这一步直接拿时间宝石
19:51:57   #16  (7, 4)<->(7, 5) 预测=200   实际=1450   ✓ [0.74步/秒]
19:51:57   ⏱ 时间宝石 4 个: (0,2)+5, (2,7)+10, (3,3)+5, (7,5)+5
19:51:57   ★ 这一步直接拿时间宝石
19:51:58   #17  (0, 2)<->(1, 2) 预测=250   实际=0      ✗拉黑 [0.76步/秒]
19:51:58   ⏱ 时间宝石 4 个: (1,2)+5, (2,7)+10, (3,3)+5, (7,5)+5
19:51:58   ★ 这一步直接拿时间宝石
19:52:02   #18  (1, 2)<->(2, 2) 预测=100   实际=0      ✗拉黑 [0.67步/秒]
19:52:02   ⏱ 时间宝石 4 个: (1,2)+5, (2,7)+10, (3,3)+5, (7,5)+5
19:52:03   #19  (2, 2)<->(3, 2) 预测=50    实际=750    ✓ [0.68步/秒]
19:52:03   ⏱ 时间宝石 3 个: (2,7)+10, (3,3)+5, (7,5)+5
19:52:04   #20  (6, 6)<->(7, 6) 预测=200   实际=1000   ✓ [0.69步/秒]
19:52:04   ⏱ 时间宝石 3 个: (3,3)+5, (3,7)+10, (7,5)+5
19:52:04   ★ 这一步直接拿时间宝石
19:52:05   #21  (7, 4)<->(7, 5) 预测=100   实际=450    ✓ [0.71步/秒]
19:52:05   ⏱ 时间宝石 3 个: (3,3)+5, (3,7)+10, (7,4)+5
19:52:06   #22  (2, 3)<->(2, 4) 预测=200   实际=500    ✓ [0.73步/秒]
19:52:06   ⏱ 时间宝石 3 个: (3,3)+5, (3,7)+10, (7,4)+5
19:52:10   #23  (2, 3)<->(2, 4) 预测=200   实际=0      ✗拉黑 [0.67步/秒]
19:52:10   ⏱ 时间宝石 3 个: (3,3)+5, (3,7)+10, (7,4)+5
19:52:14   #24  (1, 4)<->(2, 4) 预测=100   实际=0      ✗拉黑 [0.62步/秒]
19:52:15   ⏱ 时间宝石 3 个: (3,3)+5, (3,7)+10, (7,4)+5
19:52:15   #25  (6, 1)<->(6, 2) 预测=50    实际=250    ✓ [0.62步/秒]
19:52:15   ⏱ 时间宝石 4 个: (2,1)+5, (3,3)+5, (3,7)+10, (7,4)+5
19:52:20   #26  (1, 4)<->(2, 4) 预测=100   实际=0      ✗拉黑 [0.59步/秒]
19:52:20   ⏱ 时间宝石 4 个: (2,1)+5, (3,3)+5, (3,7)+10, (7,4)+5
19:52:21   #27  (3, 5)<->(3, 6) 预测=50    实际=250    ✓ [0.59步/秒]
19:52:21   ⏱ 时间宝石 4 个: (2,1)+5, (3,3)+5, (3,7)+10, (7,4)+5
19:52:22   #28  (4, 6)<->(4, 7) 预测=150   实际=250    ✓ [0.60步/秒]
19:52:22   ⏱ 时间宝石 4 个: (2,1)+5, (3,3)+5, (3,7)+10, (7,4)+5
19:52:22   ★ 这一步直接拿时间宝石
19:52:23   #29  (3, 7)<->(4, 7) 预测=100   实际=450    ✓ [0.61步/秒]
19:52:23   ⏱ 时间宝石 4 个: (2,1)+5, (3,3)+5, (4,7)+10, (7,4)+5
19:52:23   #30  (3, 4)<->(4, 4) 预测=100   实际=800    ✓ [0.62步/秒]
19:52:23   ⏱ 时间宝石 4 个: (2,1)+5, (3,3)+5, (4,7)+10, (7,4)+5
19:52:28   #31  (1, 0)<->(1, 1) 预测=250   实际=0      ✗拉黑 [0.59步/秒]
19:52:28   ⏱ 时间宝石 5 个: (0,2)+10, (2,1)+5, (4,3)+5, (4,7)+10, (7,4)+5
19:52:28   ★ 这一步直接拿时间宝石
19:52:32   #32  (2, 1)<->(2, 2) 预测=50    实际=0      ✗拉黑 [0.56步/秒]
19:52:32   ⏱ 时间宝石 5 个: (0,2)+10, (2,1)+5, (4,3)+5, (4,7)+10, (7,4)+5
19:52:33   #33  (4, 2)<->(5, 2) 预测=50    实际=250    ✓ [0.57步/秒]
19:52:33   ⏱ 时间宝石 6 个: (0,2)+5, (1,2)+10, (3,1)+5, (4,3)+5, (4,7)+10, (7,4)+5
19:52:33   ★ 这一步直接拿时间宝石
19:52:34   #34  (3, 1)<->(3, 2) 预测=150   实际=1000   ✓ [0.58步/秒]
19:52:34   ⏱ 时间宝石 3 个: (4,3)+5, (4,7)+10, (7,4)+5
19:52:38   #35  (2, 1)<->(3, 1) 预测=100   实际=0      ✗拉黑 [0.55步/秒]
19:52:38 === 结束 ===
19:52:38   35 步 63.1s = 0.55 步/秒 (每步 1804ms)
19:52:38   有效 23/35 (66%)
19:52:38   分数 7150 → 19850
19:52:38   ── 每步构成 ──
19:52:38     拖动 182ms  等待 1582ms  识别 0ms
19:52:38   实际得分 总 18350, 平均 524.3/步, ★分/秒 290.6
19:52:38   已存 /home/deck/lg_test5.json
